INFO: [VRFC 10-2263] Analyzing Verilog file "/home/cavlovicj/repo/utsa/EE-5223_Adv_Digital_Systems_Design/assignments/1/1.srcs/sources_1/new/hw_1.v" into library xil_defaultlib
INFO: [VRFC 10-311] analyzing module hw_1_1
INFO: [VRFC 10-2263] Analyzing Verilog file "/home/cavlovicj/repo/utsa/EE-5223_Adv_Digital_Systems_Design/assignments/1/1.srcs/sources_1/new/hw_1_3.v" into library xil_defaultlib
INFO: [VRFC 10-311] analyzing module hw_1_3
INFO: [VRFC 10-2263] Analyzing Verilog file "/home/cavlovicj/repo/utsa/EE-5223_Adv_Digital_Systems_Design/assignments/1/1.srcs/sources_1/new/hw_1_4.v" into library xil_defaultlib
INFO: [VRFC 10-311] analyzing module mux2to1
INFO: [VRFC 10-311] analyzing module in
INFO: [VRFC 10-311] analyzing module hw_1_4
INFO: [VRFC 10-2263] Analyzing Verilog file "/home/cavlovicj/repo/utsa/EE-5223_Adv_Digital_Systems_Design/assignments/1/1.srcs/sources_1/new/hw_1_2.v" into library xil_defaultlib
INFO: [VRFC 10-311] analyzing module hw_1_2
INFO: [VRFC 10-2263] Analyzing Verilog file "/home/cavlovicj/repo/utsa/EE-5223_Adv_Digital_Systems_Design/assignments/1/1.srcs/sources_1/new/hw_1_5.v" into library xil_defaultlib
INFO: [VRFC 10-311] analyzing module in1
INFO: [VRFC 10-311] analyzing module in2
INFO: [VRFC 10-311] analyzing module hw_1_5
INFO: [VRFC 10-2263] Analyzing Verilog file "/home/cavlovicj/repo/utsa/EE-5223_Adv_Digital_Systems_Design/assignments/1/1.srcs/sources_1/new/hw_1_6.v" into library xil_defaultlib
INFO: [VRFC 10-311] analyzing module hw_1_6
INFO: [VRFC 10-2263] Analyzing Verilog file "/home/cavlovicj/repo/utsa/EE-5223_Adv_Digital_Systems_Design/assignments/1/1.srcs/sim_1/new/hw_1_tb.v" into library xil_defaultlib
INFO: [VRFC 10-311] analyzing module hw_1_tb
INFO: [VRFC 10-2263] Analyzing Verilog file "/home/cavlovicj/repo/utsa/EE-5223_Adv_Digital_Systems_Design/assignments/1/1.srcs/sim_1/new/hw_1_6_tb.v" into library xil_defaultlib
INFO: [VRFC 10-311] analyzing module hw_1_6_tb
